// Jest Snapshot v1, https://goo.gl/fbAQLP

exports[`should render edit expense page correctly 1`] = `
ShallowWrapper {
  Symbol(enzyme.__root__): [Circular],
  Symbol(enzyme.__unrendered__): <Connect(EditExpensePage)
    editExpense={[MockFunction]}
    expense={
      Object {
        "amount": 400,
        "createdAt": 345600000,
        "description": "arm",
        "id": "3",
        "note": "",
      }
    }
    history={
      Object {
        "push": [MockFunction],
      }
    }
    removeExpense={[MockFunction]}
  />,
  Symbol(enzyme.__renderer__): Object {
    "batchedUpdates": [Function],
    "checkPropTypes": [Function],
    "getNode": [Function],
    "render": [Function],
    "simulateError": [Function],
    "simulateEvent": [Function],
    "unmount": [Function],
  },
  Symbol(enzyme.__node__): Object {
    "instance": null,
    "key": undefined,
    "nodeType": "function",
    "props": Object {
      "children": [Function],
    },
    "ref": null,
    "rendered": [Function],
    "type": Object {
      "$$typeof": Symbol(react.context),
      "_calculateChangedBits": null,
      "_context": Object {
        "$$typeof": Symbol(react.context),
        "Consumer": [Circular],
        "Provider": Object {
          "$$typeof": Symbol(react.provider),
          "_context": [Circular],
        },
        "_calculateChangedBits": null,
        "_currentRenderer": null,
        "_currentRenderer2": null,
        "_currentValue": null,
        "_currentValue2": null,
        "_threadCount": 0,
      },
    },
  },
  Symbol(enzyme.__nodes__): Array [
    Object {
      "instance": null,
      "key": undefined,
      "nodeType": "function",
      "props": Object {
        "children": [Function],
      },
      "ref": null,
      "rendered": [Function],
      "type": Object {
        "$$typeof": Symbol(react.context),
        "_calculateChangedBits": null,
        "_context": Object {
          "$$typeof": Symbol(react.context),
          "Consumer": [Circular],
          "Provider": Object {
            "$$typeof": Symbol(react.provider),
            "_context": [Circular],
          },
          "_calculateChangedBits": null,
          "_currentRenderer": null,
          "_currentRenderer2": null,
          "_currentValue": null,
          "_currentValue2": null,
          "_threadCount": 0,
        },
      },
    },
  ],
  Symbol(enzyme.__options__): Object {
    "adapter": ReactSixteenAdapter {
      "options": Object {
        "enableComponentDidUpdateOnSetState": true,
        "legacyContextMode": "parent",
        "lifecycles": Object {
          "componentDidUpdate": Object {
            "onSetState": true,
          },
          "getChildContext": Object {
            "calledByRenderer": false,
          },
          "getDerivedStateFromError": true,
          "getDerivedStateFromProps": Object {
            "hasShouldComponentUpdateBug": false,
          },
          "getSnapshotBeforeUpdate": true,
          "setState": Object {
            "skipsComponentDidUpdateOnNullish": true,
          },
        },
      },
    },
  },
  Symbol(enzyme.__childContext__): null,
}
`;
